Microchip MPLAB XC8 Compiler V1.33 ()

Linker command line:

-W-3 --edf=D:\Program Files (x86)\Microchip\xc8\v1.33\dat\en_msgs.txt -cs \
  -h+dist/default/production\aula1.X.production.sym \
  --cmf=dist/default/production\aula1.X.production.cmf -z -Q18F4550 \
  -oC:\Users\edson\AppData\Local\Temp\sn9o.6 \
  -Mdist/default/production/aula1.X.production.map -E1 -ver=XC8 \
  -ASTACK=060h-07ffh -pstack=STACK -ACODE=00h-0627Fh -ACONST=00h-0627Fh \
  -ASMALLCONST=0800h-08FFhx90,06200h-0627Fh -AMEDIUMCONST=0800h-0627Fh \
  -ACOMRAM=01h-05Fh -AABS1=00h-07FFh -ABIGRAM=01h-07FFh \
  -ARAM=060h-0FFh,0100h-01FFhx7 -ABANK0=060h-0FFh -ABANK1=0100h-01FFh \
  -ABANK2=0200h-02FFh -ABANK3=0300h-03FFh -ABANK4=0400h-04FFh \
  -ABANK5=0500h-05FFh -ABANK6=0600h-06FFh -ABANK7=0700h-07FFh \
  -ASFR=0F60h-0FFFh -preset_vec=00h,intcode,intcodelo,powerup,init,end_init \
  -pramtop=0800h -psmallconst=SMALLCONST -pmediumconst=MEDIUMCONST \
  -pconst=CONST -AFARRAM=00h-00h -ACONFIG=0300000h-030000Dh -pconfig=CONFIG \
  -AIDLOC=0200000h-0200007h -pidloc=IDLOC -AEEDATA=0F00000h-0F000FFh \
  -peeprom_data=EEDATA \
  -prdata=COMRAM,nvrram=COMRAM,nvbit=COMRAM,rbss=COMRAM,rbit=COMRAM \
  -pfarbss=FARRAM,fardata=FARRAM,nvFARRAM=FARRAM \
  -pintsave_regs=BIGRAM,bigbss=BIGRAM,bigdata=BIGRAM -pbss=RAM \
  -pidata=CODE,irdata=CODE,ibigdata=CODE,ifardata=CODE \
  C:\Users\edson\AppData\Local\Temp\sn9o.obj \
  dist/default/production\aula1.X.production.obj 

Object code version is 3.11

Machine type is 18F4550

Call graph: (short form)




                Name                               Link     Load   Length Selector   Space Scale
C:\Users\edson\AppData\Local\Temp\sn9o.obj
                end_init                              0        0        4        0       0
                idloc                            200000   200000        8   200000       0
                config                           300000   300000        E   300000       0
dist/default/production\aula1.X.production.obj
                smallconst                          800      800       58      400       0
                text11                              CAE      CAE       22      42C       0
                text10                              A3A      A3A       8A      42C       0
                text9                               99C      99C       9E      42C       0
                text8                               AC4      AC4       72      42C       0
                text7                               C68      C68       24      42C       0
                text6                               B36      B36       6A      42C       0
                text5                               BA0      BA0       64      42C       0
                text4                               C3A      C3A       2E      42C       0
                text3                               C8C      C8C       22      42C       0
                text2                               CD0      CD0       1E      42C       0
                text1                               CFA      CFA        8      67D       0
                text0                               858      858      144      42C       0
                cstackCOMRAM                          1        1       28        1       1
                dataCOMRAM                           3A       3A        B        1       1
                bssCOMRAM                            29       29       11        1       1
                cinit                               C04      C04       36      42C       0
                idataCOMRAM                         CEE      CEE        B      42C       0

TOTAL           Name                               Link     Load   Length     Space
        CLASS   STACK          

        CLASS   CODE           
                end_init                              0        0        4         0
                text11                              CAE      CAE       22         0
                text10                              A3A      A3A       8A         0
                text9                               99C      99C       9E         0
                text8                               AC4      AC4       72         0
                text7                               C68      C68       24         0
                text6                               B36      B36       6A         0
                text5                               BA0      BA0       64         0
                text4                               C3A      C3A       2E         0
                text3                               C8C      C8C       22         0
                text2                               CD0      CD0       1E         0
                text1                               CFA      CFA        8         0
                text0                               858      858      144         0
                cinit                               C04      C04       36         0
                idataCOMRAM                         CEE      CEE        B         0

        CLASS   CONST          

        CLASS   SMALLCONST     
                smallconst                          800      800       58         0

        CLASS   MEDIUMCONST    

        CLASS   COMRAM         
                cstackCOMRAM                          1        1       28         1
                dataCOMRAM                           3A       3A        B         1
                bssCOMRAM                            29       29       11         1

        CLASS   ABS1           

        CLASS   BIGRAM         

        CLASS   RAM            

        CLASS   BANK0          

        CLASS   BANK1          

        CLASS   BANK2          

        CLASS   BANK3          

        CLASS   BANK4          

        CLASS   BANK5          

        CLASS   BANK6          

        CLASS   BANK7          

        CLASS   SFR            

        CLASS   FARRAM         

        CLASS   CONFIG         
                config                           300000   300000        E         0

        CLASS   IDLOC          
                idloc                            200000   200000        8         0

        CLASS   EEDATA         



SEGMENTS        Name                           Load    Length   Top    Selector   Space  Class

                reset_vec                      000000  000004  000004         0       0  CODE    
                cstackCOMRAM                   000001  000044  000045         1       1  COMRAM  
                smallconst                     000800  000058  000858       400       0  SMALLCON
                text0                          000858  0004A1  000CF9       42C       0  CODE    
                text1                          000CFA  000008  000D02       67D       0  CODE    
                idloc                          200000  000008  200008    200000       0  IDLOC   
                config                         300000  00000E  30000E    300000       0  CONFIG  


UNUSED ADDRESS RANGES

        Name                Unused          Largest block    Delta
        BANK0            000060-0000FF               A0
        BANK1            000100-0001FF              100
        BANK2            000200-0002FF              100
        BANK3            000300-0003FF              100
        BANK4            000400-0004FF              100
        BANK5            000500-0005FF              100
        BANK6            000600-0006FF              100
        BANK7            000700-0007FF              100
        BIGRAM           000045-0007FF              7BB
        CODE             000004-0007FF              7FC
                         000CF9-000CF9                1
                         000D02-00627F             557E
        COMRAM           000045-00005F               1B
        CONST            000004-0007FF              7FC
                         000CF9-000CF9                1
                         000D02-00627F             557E
        EEDATA           F00000-F000FF              100
        MEDIUMCONST      000CF9-000CF9                1
                         000D02-00627F             557E
        RAM              000060-0007FF              100
        SFR              000F60-000FFF               A0
        SMALLCONST       000CF9-000CF9                1
                         000D02-00627F              100
        STACK            000060-0007FF              7A0

                                  Symbol Table

?_decrementa                  cstackCOMRAM 000001
?_incrementa                  cstackCOMRAM 000004
Delay@Cnt1                    cstackCOMRAM 000001
Delay@Cnt2                    cstackCOMRAM 000002
EnderecoCursor@endereco       cstackCOMRAM 000003
EscreveCaractereLCD@data      cstackCOMRAM 000003
EscreveComandoLCD@cmd         cstackCOMRAM 000003
EscreveFraseRamLCD@buffer     cstackCOMRAM 000004
EscreveInteiroLCD@F5476       dataCOMRAM   00003A
PosicaoCursorLCD@EnderecoLCD  cstackCOMRAM 000006
PosicaoCursorLCD@coluna       cstackCOMRAM 000004
PosicaoCursorLCD@linha        cstackCOMRAM 000005
_ADCON1                       (abs)        000FC1
_ConfiguraLCD                 text9        00099C
_Delay                        text11       000CAE
_EnderecoCursor               text6        000B36
_EscreveCaractereLCD          text8        000AC4
_EscreveComandoLCD            text10       000A3A
_EscreveFraseRamLCD           text7        000C68
_LATB                         (abs)        000F8A
_LATD                         (abs)        000F8C
_PORTDbits                    (abs)        000F83
_PORTEbits                    (abs)        000F84
_PosicaoCursorLCD             text5        000BA0
_TRISB                        (abs)        000F93
_TRISDbits                    (abs)        000F95
__HRAM                        (abs)        000000
__Habs1                       abs1         000000
__Hbank0                      bank0        000000
__Hbank1                      bank1        000000
__Hbank2                      bank2        000000
__Hbank3                      bank3        000000
__Hbank4                      bank4        000000
__Hbank5                      bank5        000000
__Hbank6                      bank6        000000
__Hbank7                      bank7        000000
__Hbigbss                     bigbss       000000
__Hbigdata                    bigdata      000000
__Hbigram                     bigram       000000
__Hbss                        bss          000000
__HbssCOMRAM                  bssCOMRAM    000000
__Hcinit                      cinit        000000
__Hclrtext                    clrtext      000000
__Hcomram                     comram       000000
__Hconfig                     config       30000E
__Hconst                      const        000000
__HcstackCOMRAM               cstackCOMRAM 000000
__Hdata                       data         000000
__HdataCOMRAM                 dataCOMRAM   000000
__Heeprom_data                eeprom_data  000000
__Hend_init                   end_init     000004
__Hfarbss                     farbss       000000
__Hfardata                    fardata      000000
__Hibigdata                   ibigdata     000000
__Hidata                      idata        000000
__HidataCOMRAM                idataCOMRAM  000000
__Hidloc                      idloc        200008
__Hifardata                   ifardata     000000
__Hinit                       init         000000
__Hintcode                    intcode      000000
__Hintcode_body               intcode_body 000000
__Hintcodelo                  intcodelo    000000
__Hintentry                   intentry     000000
__Hintret                     intret       000000
__Hintsave_regs               intsave_regs 000000
__Hirdata                     irdata       000000
__Hmediumconst                mediumconst  000000
__HnvFARRAM                   nvFARRAM     000000
__Hnvbit                      nvbit        000000
__Hnvrram                     nvrram       000000
__Hparam                      rparam       000000
__Hpowerup                    powerup      000000
__Hram                        ram          000000
__Hramtop                     ramtop       000800
__Hrbit                       rbit         000000
__Hrbss                       rbss         000000
__Hrdata                      rdata        000000
__Hreset_vec                  reset_vec    000000
__Hrparam                     rparam       000000
__Hsfr                        sfr          000000
__Hsmallconst                 smallconst   000858
__Hspace_0                    (abs)        30000E
__Hspace_1                    (abs)        000045
__Hspace_2                    (abs)        000000
__Hstack                      stack        000000
__Hstruct                     struct       000000
__Htemp                       temp         000000
__Htext                       text         000000
__Htext0                      text0        000000
__Htext1                      text1        000000
__Htext10                     text10       000000
__Htext11                     text11       000000
__Htext2                      text2        000000
__Htext3                      text3        000000
__Htext4                      text4        000000
__Htext5                      text5        000000
__Htext6                      text6        000000
__Htext7                      text7        000000
__Htext8                      text8        000000
__Htext9                      text9        000000
__LRAM                        (abs)        000001
__Labs1                       abs1         000000
__Lbank0                      bank0        000000
__Lbank1                      bank1        000000
__Lbank2                      bank2        000000
__Lbank3                      bank3        000000
__Lbank4                      bank4        000000
__Lbank5                      bank5        000000
__Lbank6                      bank6        000000
__Lbank7                      bank7        000000
__Lbigbss                     bigbss       000000
__Lbigdata                    bigdata      000000
__Lbigram                     bigram       000000
__Lbss                        bss          000000
__LbssCOMRAM                  bssCOMRAM    000000
__Lcinit                      cinit        000000
__Lclrtext                    clrtext      000000
__Lcomram                     comram       000000
__Lconfig                     config       300000
__Lconst                      const        000000
__LcstackCOMRAM               cstackCOMRAM 000000
__Ldata                       data         000000
__LdataCOMRAM                 dataCOMRAM   000000
__Leeprom_data                eeprom_data  000000
__Lend_init                   end_init     000000
__Lfarbss                     farbss       000000
__Lfardata                    fardata      000000
__Libigdata                   ibigdata     000000
__Lidata                      idata        000000
__LidataCOMRAM                idataCOMRAM  000000
__Lidloc                      idloc        200000
__Lifardata                   ifardata     000000
__Linit                       init         000000
__Lintcode                    intcode      000000
__Lintcode_body               intcode_body 000000
__Lintcodelo                  intcodelo    000000
__Lintentry                   intentry     000000
__Lintret                     intret       000000
__Lintsave_regs               intsave_regs 000000
__Lirdata                     irdata       000000
__Lmediumconst                mediumconst  000000
__LnvFARRAM                   nvFARRAM     000000
__Lnvbit                      nvbit        000000
__Lnvrram                     nvrram       000000
__Lparam                      rparam       000000
__Lpowerup                    powerup      000000
__Lram                        ram          000000
__Lramtop                     ramtop       000800
__Lrbit                       rbit         000000
__Lrbss                       rbss         000000
__Lrdata                      rdata        000000
__Lreset_vec                  reset_vec    000000
__Lrparam                     rparam       000000
__Lsfr                        sfr          000000
__Lsmallconst                 smallconst   000800
__Lspace_0                    (abs)        000000
__Lspace_1                    (abs)        000000
__Lspace_2                    (abs)        000000
__Lstack                      stack        000000
__Lstruct                     struct       000000
__Ltemp                       temp         000000
__Ltext                       text         000000
__Ltext0                      text0        000000
__Ltext1                      text1        000000
__Ltext10                     text10       000000
__Ltext11                     text11       000000
__Ltext2                      text2        000000
__Ltext3                      text3        000000
__Ltext4                      text4        000000
__Ltext5                      text5        000000
__Ltext6                      text6        000000
__Ltext7                      text7        000000
__Ltext8                      text8        000000
__Ltext9                      text9        000000
__S0                          (abs)        30000E
__S1                          (abs)        000045
__S2                          (abs)        000000
___inthi_sp                   stack        000000
___intlo_sp                   stack        000000
___sp                         stack        000000
__accesstop                   (abs)        000060
__activetblptr                (abs)        000002
__end_of_ConfiguraLCD         text9        000A3A
__end_of_Delay                text11       000CD0
__end_of_EnderecoCursor       text6        000BA0
__end_of_EscreveCaractereLCD  text8        000B36
__end_of_EscreveComandoLCD    text10       000AC4
__end_of_EscreveFraseRamLCD   text7        000C8C
__end_of_PosicaoCursorLCD     text5        000C04
__end_of__initialization      cinit        000C30
__end_of__stringdata          smallconst   000856
__end_of_decrementa           text4        000C68
__end_of_delay_ms             text3        000CAE
__end_of_dpowers              smallconst   000829
__end_of_incrementa           text2        000CEE
__end_of_main                 text0        00099C
__end_of_saida                text1        000D02
__end_ofmain@F5414            smallconst   00083A
__end_ofmain@F5416            smallconst   00084B
__initialization              cinit        000C04
__mediumconst                 mediumconst  000000
__pbssCOMRAM                  bssCOMRAM    000029
__pcinit                      cinit        000C04
__pcstackCOMRAM               cstackCOMRAM 000001
__pdataCOMRAM                 dataCOMRAM   00003A
__pidataCOMRAM                idataCOMRAM  000CEE
__psmallconst                 smallconst   000800
__ptext0                      text0        000858
__ptext1                      text1        000CFA
__ptext10                     text10       000A3A
__ptext11                     text11       000CAE
__ptext2                      text2        000CD0
__ptext3                      text3        000C8C
__ptext4                      text4        000C3A
__ptext5                      text5        000BA0
__ptext6                      text6        000B36
__ptext7                      text7        000C68
__ptext8                      text8        000AC4
__ptext9                      text9        00099C
__ramtop                      ramtop       000800
__size_of_ConfiguraLCD        (abs)        000000
__size_of_Delay               (abs)        000000
__size_of_EnderecoCursor      (abs)        000000
__size_of_EscreveCaractereLCD (abs)        000000
__size_of_EscreveComandoLCD   (abs)        000000
__size_of_EscreveFraseRamLCD  (abs)        000000
__size_of_PosicaoCursorLCD    (abs)        000000
__size_of_decrementa          (abs)        000000
__size_of_delay_ms            (abs)        000000
__size_of_incrementa          (abs)        000000
__size_of_main                (abs)        000000
__size_of_saida               (abs)        000000
__smallconst                  smallconst   000800
__stringdata                  smallconst   00084B
_decrementa                   text4        000C3A
_delay_ms                     text3        000C8C
_dpowers                      smallconst   000801
_i                            dataCOMRAM   000043
_incrementa                   text2        000CD0
_main                         text0        000858
_saida                        text1        000CFA
_tempo                        dataCOMRAM   000041
_vetor_leds                   dataCOMRAM   000044
delay_ms@delaytime            cstackCOMRAM 000001
end_of_initialization         cinit        000C30
ftoa@buf                      bssCOMRAM    000029
intlevel0                     text         000000
intlevel1                     text         000000
intlevel2                     text         000000
intlevel3                     text         000000
main@F5414                    smallconst   000829
main@F5416                    smallconst   00083A
main@Texto_0                  cstackCOMRAM 000007
main@Texto_1                  cstackCOMRAM 000018
saida@sequencia               cstackCOMRAM 000001
stackhi                       (abs)        0007FF
stacklo                       (abs)        000060
start                         init         000000
start_initialization          cinit        000C04


FUNCTION INFORMATION:

 *************** function _main *****************
 Defined at:
		line 78 in file "../aula1.X/Sequencial.c"
 Parameters:    Size  Location     Type
		None
 Auto vars:     Size  Location     Type
  Texto_1        17   23[COMRAM] const unsigned char [17]
  Texto_0        17    6[COMRAM] const unsigned char [17]
 Return value:  Size  Location     Type
		None               void
 Registers used:
		wreg, fsr2l, fsr2h, status,2, status,0, tblptrl, tblptrh, tblptru, prodl, cstack
 Tracked objects:
		On entry : 
		On exit  : 
		Unchanged: 
 Data sizes:     COMRAM   BANK0   BANK1   BANK2   BANK3   BANK4   BANK5   BANK6   BANK7
      Params:         0       0       0       0       0       0       0       0       0
      Locals:        34       0       0       0       0       0       0       0       0
      Temps:          0       0       0       0       0       0       0       0       0
      Totals:        34       0       0       0       0       0       0       0       0
Total ram usage:       34 bytes
 Hardware stack levels required when called:    3
 This function calls:
		_ConfiguraLCD
		_EscreveComandoLCD
		_EscreveFraseRamLCD
		_PosicaoCursorLCD
		_decrementa
		_delay_ms
		_incrementa
		_saida
 This function is called by:
		Startup code after reset
 This function uses a non-reentrant model


 *************** function _saida *****************
 Defined at:
		line 51 in file "../aula1.X/Sequencial.c"
 Parameters:    Size  Location     Type
  sequencia       2    0[COMRAM] int 
 Auto vars:     Size  Location     Type
		None
 Return value:  Size  Location     Type
                  2    0[COMRAM] int 
 Registers used:
		wreg, status,2, status,0
 Tracked objects:
		On entry : 
		On exit  : 
		Unchanged: 
 Data sizes:     COMRAM   BANK0   BANK1   BANK2   BANK3   BANK4   BANK5   BANK6   BANK7
      Params:         2       0       0       0       0       0       0       0       0
      Locals:         0       0       0       0       0       0       0       0       0
      Temps:          0       0       0       0       0       0       0       0       0
      Totals:         2       0       0       0       0       0       0       0       0
Total ram usage:        2 bytes
 Hardware stack levels used:    1
 This function calls:
		Nothing
 This function is called by:
		_main
 This function uses a non-reentrant model


 *************** function _incrementa *****************
 Defined at:
		line 56 in file "../aula1.X/Sequencial.c"
 Parameters:    Size  Location     Type
		None
 Auto vars:     Size  Location     Type
		None
 Return value:  Size  Location     Type
		None               void
 Registers used:
		wreg, status,2, status,0, cstack
 Tracked objects:
		On entry : 
		On exit  : 
		Unchanged: 
 Data sizes:     COMRAM   BANK0   BANK1   BANK2   BANK3   BANK4   BANK5   BANK6   BANK7
      Params:         2       0       0       0       0       0       0       0       0
      Locals:         0       0       0       0       0       0       0       0       0
      Temps:          0       0       0       0       0       0       0       0       0
      Totals:         2       0       0       0       0       0       0       0       0
Total ram usage:        2 bytes
 Hardware stack levels used:    1
 Hardware stack levels required when called:    1
 This function calls:
		_delay_ms
 This function is called by:
		_main
 This function uses a non-reentrant model


 *************** function _delay_ms *****************
 Defined at:
		line 43 in file "../aula1.X/Sequencial.c"
 Parameters:    Size  Location     Type
  delaytime       2    0[COMRAM] int 
 Auto vars:     Size  Location     Type
		None
 Return value:  Size  Location     Type
		None               void
 Registers used:
		wreg, status,2, status,0
 Tracked objects:
		On entry : 
		On exit  : 
		Unchanged: 
 Data sizes:     COMRAM   BANK0   BANK1   BANK2   BANK3   BANK4   BANK5   BANK6   BANK7
      Params:         2       0       0       0       0       0       0       0       0
      Locals:         0       0       0       0       0       0       0       0       0
      Temps:          1       0       0       0       0       0       0       0       0
      Totals:         3       0       0       0       0       0       0       0       0
Total ram usage:        3 bytes
 Hardware stack levels used:    1
 This function calls:
		Nothing
 This function is called by:
		_incrementa
		_main
 This function uses a non-reentrant model


 *************** function _decrementa *****************
 Defined at:
		line 65 in file "../aula1.X/Sequencial.c"
 Parameters:    Size  Location     Type
		None
 Auto vars:     Size  Location     Type
		None
 Return value:  Size  Location     Type
		None               void
 Registers used:
		wreg, status,2, status,0, prodl
 Tracked objects:
		On entry : 
		On exit  : 
		Unchanged: 
 Data sizes:     COMRAM   BANK0   BANK1   BANK2   BANK3   BANK4   BANK5   BANK6   BANK7
      Params:         2       0       0       0       0       0       0       0       0
      Locals:         0       0       0       0       0       0       0       0       0
      Temps:          0       0       0       0       0       0       0       0       0
      Totals:         2       0       0       0       0       0       0       0       0
Total ram usage:        2 bytes
 Hardware stack levels used:    1
 This function calls:
		Nothing
 This function is called by:
		_main
 This function uses a non-reentrant model


 *************** function _PosicaoCursorLCD *****************
 Defined at:
		line 280 in file "../../Biblioteca XC8 FATEC/displayLCD.c"
 Parameters:    Size  Location     Type
  linha           1    wreg     unsigned char 
  coluna          1    3[COMRAM] unsigned char 
 Auto vars:     Size  Location     Type
  linha           1    4[COMRAM] unsigned char 
  EnderecoLCD     1    5[COMRAM] unsigned char 
 Return value:  Size  Location     Type
		None               void
 Registers used:
		wreg, status,2, status,0, cstack
 Tracked objects:
		On entry : 
		On exit  : 
		Unchanged: 
 Data sizes:     COMRAM   BANK0   BANK1   BANK2   BANK3   BANK4   BANK5   BANK6   BANK7
      Params:         1       0       0       0       0       0       0       0       0
      Locals:         2       0       0       0       0       0       0       0       0
      Temps:          0       0       0       0       0       0       0       0       0
      Totals:         3       0       0       0       0       0       0       0       0
Total ram usage:        3 bytes
 Hardware stack levels used:    1
 Hardware stack levels required when called:    2
 This function calls:
		_EnderecoCursor
 This function is called by:
		_main
 This function uses a non-reentrant model


 *************** function _EnderecoCursor *****************
 Defined at:
		line 229 in file "../../Biblioteca XC8 FATEC/displayLCD.c"
 Parameters:    Size  Location     Type
  endereco        1    wreg     unsigned char 
 Auto vars:     Size  Location     Type
  endereco        1    2[COMRAM] unsigned char 
 Return value:  Size  Location     Type
		None               void
 Registers used:
		wreg, status,2, status,0, cstack
 Tracked objects:
		On entry : 
		On exit  : 
		Unchanged: 
 Data sizes:     COMRAM   BANK0   BANK1   BANK2   BANK3   BANK4   BANK5   BANK6   BANK7
      Params:         0       0       0       0       0       0       0       0       0
      Locals:         1       0       0       0       0       0       0       0       0
      Temps:          0       0       0       0       0       0       0       0       0
      Totals:         1       0       0       0       0       0       0       0       0
Total ram usage:        1 bytes
 Hardware stack levels used:    1
 Hardware stack levels required when called:    1
 This function calls:
		_Delay
 This function is called by:
		_PosicaoCursorLCD
		_CriaCaractereLCD
 This function uses a non-reentrant model


 *************** function _EscreveFraseRamLCD *****************
 Defined at:
		line 438 in file "../../Biblioteca XC8 FATEC/displayLCD.c"
 Parameters:    Size  Location     Type
  buffer          2    3[COMRAM] PTR unsigned char 
		 -> EscreveInteiroLCD@texto(7), main@Texto_1(17), main@Texto_0(17), 
 Auto vars:     Size  Location     Type
		None
 Return value:  Size  Location     Type
		None               void
 Registers used:
		wreg, fsr2l, fsr2h, status,2, status,0, cstack
 Tracked objects:
		On entry : 
		On exit  : 
		Unchanged: 
 Data sizes:     COMRAM   BANK0   BANK1   BANK2   BANK3   BANK4   BANK5   BANK6   BANK7
      Params:         2       0       0       0       0       0       0       0       0
      Locals:         0       0       0       0       0       0       0       0       0
      Temps:          0       0       0       0       0       0       0       0       0
      Totals:         2       0       0       0       0       0       0       0       0
Total ram usage:        2 bytes
 Hardware stack levels used:    1
 Hardware stack levels required when called:    2
 This function calls:
		_EscreveCaractereLCD
 This function is called by:
		_main
		_EscreveInteiroLCD
 This function uses a non-reentrant model


 *************** function _EscreveCaractereLCD *****************
 Defined at:
		line 339 in file "../../Biblioteca XC8 FATEC/displayLCD.c"
 Parameters:    Size  Location     Type
  data            1    wreg     unsigned char 
 Auto vars:     Size  Location     Type
  data            1    2[COMRAM] unsigned char 
 Return value:  Size  Location     Type
		None               void
 Registers used:
		wreg, status,2, status,0, cstack
 Tracked objects:
		On entry : 
		On exit  : 
		Unchanged: 
 Data sizes:     COMRAM   BANK0   BANK1   BANK2   BANK3   BANK4   BANK5   BANK6   BANK7
      Params:         0       0       0       0       0       0       0       0       0
      Locals:         1       0       0       0       0       0       0       0       0
      Temps:          0       0       0       0       0       0       0       0       0
      Totals:         1       0       0       0       0       0       0       0       0
Total ram usage:        1 bytes
 Hardware stack levels used:    1
 Hardware stack levels required when called:    1
 This function calls:
		_Delay
 This function is called by:
		_EscreveFraseRamLCD
		_EscreveFloatLCD
		_EscreveFraseLCD
		_CriaCaractereLCD
 This function uses a non-reentrant model


 *************** function _ConfiguraLCD *****************
 Defined at:
		line 80 in file "../../Biblioteca XC8 FATEC/displayLCD.c"
 Parameters:    Size  Location     Type
		None
 Auto vars:     Size  Location     Type
		None
 Return value:  Size  Location     Type
		None               void
 Registers used:
		wreg, status,2, status,0, cstack
 Tracked objects:
		On entry : 
		On exit  : 
		Unchanged: 
 Data sizes:     COMRAM   BANK0   BANK1   BANK2   BANK3   BANK4   BANK5   BANK6   BANK7
      Params:         0       0       0       0       0       0       0       0       0
      Locals:         0       0       0       0       0       0       0       0       0
      Temps:          1       0       0       0       0       0       0       0       0
      Totals:         1       0       0       0       0       0       0       0       0
Total ram usage:        1 bytes
 Hardware stack levels used:    1
 Hardware stack levels required when called:    2
 This function calls:
		_Delay
		_EscreveComandoLCD
 This function is called by:
		_main
 This function uses a non-reentrant model


 *************** function _EscreveComandoLCD *****************
 Defined at:
		line 172 in file "../../Biblioteca XC8 FATEC/displayLCD.c"
 Parameters:    Size  Location     Type
  cmd             1    wreg     unsigned char 
 Auto vars:     Size  Location     Type
  cmd             1    2[COMRAM] unsigned char 
 Return value:  Size  Location     Type
		None               void
 Registers used:
		wreg, status,2, status,0, cstack
 Tracked objects:
		On entry : 
		On exit  : 
		Unchanged: 
 Data sizes:     COMRAM   BANK0   BANK1   BANK2   BANK3   BANK4   BANK5   BANK6   BANK7
      Params:         0       0       0       0       0       0       0       0       0
      Locals:         1       0       0       0       0       0       0       0       0
      Temps:          0       0       0       0       0       0       0       0       0
      Totals:         1       0       0       0       0       0       0       0       0
Total ram usage:        1 bytes
 Hardware stack levels used:    1
 Hardware stack levels required when called:    1
 This function calls:
		_Delay
 This function is called by:
		_main
		_ConfiguraLCD
		_CriaCaractereLCD
 This function uses a non-reentrant model


 *************** function _Delay *****************
 Defined at:
		line 54 in file "../../Biblioteca XC8 FATEC/displayLCD.c"
 Parameters:    Size  Location     Type
		None
 Auto vars:     Size  Location     Type
  Cnt2            1    1[COMRAM] unsigned char 
  Cnt1            1    0[COMRAM] unsigned char 
 Return value:  Size  Location     Type
		None               void
 Registers used:
		wreg, status,2, status,0
 Tracked objects:
		On entry : 
		On exit  : 
		Unchanged: 
 Data sizes:     COMRAM   BANK0   BANK1   BANK2   BANK3   BANK4   BANK5   BANK6   BANK7
      Params:         0       0       0       0       0       0       0       0       0
      Locals:         2       0       0       0       0       0       0       0       0
      Temps:          0       0       0       0       0       0       0       0       0
      Totals:         2       0       0       0       0       0       0       0       0
Total ram usage:        2 bytes
 Hardware stack levels used:    1
 This function calls:
		Nothing
 This function is called by:
		_ConfiguraLCD
		_EscreveComandoLCD
		_EnderecoCursor
		_EscreveCaractereLCD
 This function uses a non-reentrant model



MODULE INFORMATION

Module		Function		Class		Link	Load	Size
../aula1.X/Sequencial.c
		_saida         		CODE           	0CFA	0000	8
		_main          		CODE           	0858	0000	324
		_decrementa    		CODE           	0C3A	0000	46
		_delay_ms      		CODE           	0C8C	0000	34
		_incrementa    		CODE           	0CD0	0000	30

../aula1.X/Sequencial.c estimated size: 442

../../Biblioteca XC8 FATEC/displayLCD.c
		_EscreveCaracte		CODE           	0AC4	0000	114
		_EscreveComando		CODE           	0A3A	0000	138
		_ConfiguraLCD  		CODE           	099C	0000	158
		_Delay         		CODE           	0CAE	0000	34
		_PosicaoCursorL		CODE           	0BA0	0000	100
		_EnderecoCursor		CODE           	0B36	0000	106
		_EscreveFraseRa		CODE           	0C68	0000	36

../../Biblioteca XC8 FATEC/displayLCD.c estimated size: 686

shared
		__stringdata   		SMALLCONST     	084B	0000	11
		_dpowers       		SMALLCONST     	0801	0000	40
		__initializatio		CODE           	0C04	0000	44
		main@F5414     		SMALLCONST     	0829	0000	17
		main@F5416     		SMALLCONST     	083A	0000	17

shared estimated size: 129

